// Jest Snapshot v1, https://goo.gl/fbAQLP

exports[`RightColumn Component renders without crashing 1`] = `
ShallowWrapper {
  Symbol(enzyme.__root__): [Circular],
  Symbol(enzyme.__unrendered__): <RightColumn
    companies={
      Array [
        Object {
          "companyName": "Lonesome Pine Restaurant",
          "fromCity": "Portland",
        },
        Object {
          "companyName": "The Big Cheese",
          "fromCity": "Portland",
        },
      ]
    }
    handleSelectCompany={[MockFunction]}
    selectedCompany="Lonesome Pine Restaurant"
  />,
  Symbol(enzyme.__renderer__): Object {
    "batchedUpdates": [Function],
    "getNode": [Function],
    "render": [Function],
    "simulateError": [Function],
    "simulateEvent": [Function],
    "unmount": [Function],
  },
  Symbol(enzyme.__node__): Object {
    "instance": null,
    "key": undefined,
    "nodeType": "host",
    "props": Object {
      "children": Array [
        <h3
          className="column__title"
        >
          Company
        </h3>,
        <ul>
          <li>
            <button
              className="button_highlight"
              onClick={[MockFunction]}
              value="Lonesome Pine Restaurant"
            >
              <span>
                Lonesome Pine Restaurant
              </span>
            </button>
          </li>
          <li>
            <button
              className=""
              onClick={[MockFunction]}
              value="The Big Cheese"
            >
              <span>
                The Big Cheese
              </span>
            </button>
          </li>
        </ul>,
      ],
      "className": "table-container__column",
    },
    "ref": null,
    "rendered": Array [
      Object {
        "instance": null,
        "key": undefined,
        "nodeType": "host",
        "props": Object {
          "children": "Company",
          "className": "column__title",
        },
        "ref": null,
        "rendered": "Company",
        "type": "h3",
      },
      Object {
        "instance": null,
        "key": undefined,
        "nodeType": "host",
        "props": Object {
          "children": Array [
            <li>
              <button
                className="button_highlight"
                onClick={[MockFunction]}
                value="Lonesome Pine Restaurant"
              >
                <span>
                  Lonesome Pine Restaurant
                </span>
              </button>
            </li>,
            <li>
              <button
                className=""
                onClick={[MockFunction]}
                value="The Big Cheese"
              >
                <span>
                  The Big Cheese
                </span>
              </button>
            </li>,
          ],
        },
        "ref": null,
        "rendered": Array [
          Object {
            "instance": null,
            "key": "Lonesome Pine Restaurant",
            "nodeType": "host",
            "props": Object {
              "children": <button
                className="button_highlight"
                onClick={[MockFunction]}
                value="Lonesome Pine Restaurant"
              >
                <span>
                  Lonesome Pine Restaurant
                </span>
              </button>,
            },
            "ref": null,
            "rendered": Object {
              "instance": null,
              "key": undefined,
              "nodeType": "host",
              "props": Object {
                "children": <span>
                  Lonesome Pine Restaurant
                </span>,
                "className": "button_highlight",
                "onClick": [MockFunction],
                "value": "Lonesome Pine Restaurant",
              },
              "ref": null,
              "rendered": Object {
                "instance": null,
                "key": undefined,
                "nodeType": "host",
                "props": Object {
                  "children": "Lonesome Pine Restaurant",
                },
                "ref": null,
                "rendered": "Lonesome Pine Restaurant",
                "type": "span",
              },
              "type": "button",
            },
            "type": "li",
          },
          Object {
            "instance": null,
            "key": "The Big Cheese",
            "nodeType": "host",
            "props": Object {
              "children": <button
                className=""
                onClick={[MockFunction]}
                value="The Big Cheese"
              >
                <span>
                  The Big Cheese
                </span>
              </button>,
            },
            "ref": null,
            "rendered": Object {
              "instance": null,
              "key": undefined,
              "nodeType": "host",
              "props": Object {
                "children": <span>
                  The Big Cheese
                </span>,
                "className": "",
                "onClick": [MockFunction],
                "value": "The Big Cheese",
              },
              "ref": null,
              "rendered": Object {
                "instance": null,
                "key": undefined,
                "nodeType": "host",
                "props": Object {
                  "children": "The Big Cheese",
                },
                "ref": null,
                "rendered": "The Big Cheese",
                "type": "span",
              },
              "type": "button",
            },
            "type": "li",
          },
        ],
        "type": "ul",
      },
    ],
    "type": "div",
  },
  Symbol(enzyme.__nodes__): Array [
    Object {
      "instance": null,
      "key": undefined,
      "nodeType": "host",
      "props": Object {
        "children": Array [
          <h3
            className="column__title"
          >
            Company
          </h3>,
          <ul>
            <li>
              <button
                className="button_highlight"
                onClick={[MockFunction]}
                value="Lonesome Pine Restaurant"
              >
                <span>
                  Lonesome Pine Restaurant
                </span>
              </button>
            </li>
            <li>
              <button
                className=""
                onClick={[MockFunction]}
                value="The Big Cheese"
              >
                <span>
                  The Big Cheese
                </span>
              </button>
            </li>
          </ul>,
        ],
        "className": "table-container__column",
      },
      "ref": null,
      "rendered": Array [
        Object {
          "instance": null,
          "key": undefined,
          "nodeType": "host",
          "props": Object {
            "children": "Company",
            "className": "column__title",
          },
          "ref": null,
          "rendered": "Company",
          "type": "h3",
        },
        Object {
          "instance": null,
          "key": undefined,
          "nodeType": "host",
          "props": Object {
            "children": Array [
              <li>
                <button
                  className="button_highlight"
                  onClick={[MockFunction]}
                  value="Lonesome Pine Restaurant"
                >
                  <span>
                    Lonesome Pine Restaurant
                  </span>
                </button>
              </li>,
              <li>
                <button
                  className=""
                  onClick={[MockFunction]}
                  value="The Big Cheese"
                >
                  <span>
                    The Big Cheese
                  </span>
                </button>
              </li>,
            ],
          },
          "ref": null,
          "rendered": Array [
            Object {
              "instance": null,
              "key": "Lonesome Pine Restaurant",
              "nodeType": "host",
              "props": Object {
                "children": <button
                  className="button_highlight"
                  onClick={[MockFunction]}
                  value="Lonesome Pine Restaurant"
                >
                  <span>
                    Lonesome Pine Restaurant
                  </span>
                </button>,
              },
              "ref": null,
              "rendered": Object {
                "instance": null,
                "key": undefined,
                "nodeType": "host",
                "props": Object {
                  "children": <span>
                    Lonesome Pine Restaurant
                  </span>,
                  "className": "button_highlight",
                  "onClick": [MockFunction],
                  "value": "Lonesome Pine Restaurant",
                },
                "ref": null,
                "rendered": Object {
                  "instance": null,
                  "key": undefined,
                  "nodeType": "host",
                  "props": Object {
                    "children": "Lonesome Pine Restaurant",
                  },
                  "ref": null,
                  "rendered": "Lonesome Pine Restaurant",
                  "type": "span",
                },
                "type": "button",
              },
              "type": "li",
            },
            Object {
              "instance": null,
              "key": "The Big Cheese",
              "nodeType": "host",
              "props": Object {
                "children": <button
                  className=""
                  onClick={[MockFunction]}
                  value="The Big Cheese"
                >
                  <span>
                    The Big Cheese
                  </span>
                </button>,
              },
              "ref": null,
              "rendered": Object {
                "instance": null,
                "key": undefined,
                "nodeType": "host",
                "props": Object {
                  "children": <span>
                    The Big Cheese
                  </span>,
                  "className": "",
                  "onClick": [MockFunction],
                  "value": "The Big Cheese",
                },
                "ref": null,
                "rendered": Object {
                  "instance": null,
                  "key": undefined,
                  "nodeType": "host",
                  "props": Object {
                    "children": "The Big Cheese",
                  },
                  "ref": null,
                  "rendered": "The Big Cheese",
                  "type": "span",
                },
                "type": "button",
              },
              "type": "li",
            },
          ],
          "type": "ul",
        },
      ],
      "type": "div",
    },
  ],
  Symbol(enzyme.__options__): Object {
    "adapter": ReactSixteenAdapter {
      "options": Object {
        "enableComponentDidUpdateOnSetState": true,
        "lifecycles": Object {
          "componentDidUpdate": Object {
            "onSetState": true,
          },
          "getDerivedStateFromProps": true,
          "getSnapshotBeforeUpdate": true,
          "setState": Object {
            "skipsComponentDidUpdateOnNullish": true,
          },
        },
      },
    },
  },
}
`;
